   ---   68   cards of disk file read into card cache cells  1   onward.
 <===> Done with  "/"-card sorting by data class.    Remember that the source file appears different from interpreted input data.
Alternative Transients Program (ATP),  F77 GNU Linux or DOS.  All rights reserved by Can/Am user group of Portland, Oregon, USA.
 Date (dd-mth-yy) and time of day (hh.mm.ss) = 11-Nov-18  11.00.00    Name of disk plot file, if any, is
Consult the 860-page ATP Rule Book of the Can/Am EMTP User Group in Portland,  Oregon, USA.  Source code date is
Total size of LABCOM tables = 16446853 INTEGER words.  31 VARDIM  List Sizes follow:  6002  10K  192K  900  420K  1200  15K
  120K  2250  3800  720  2K  72800  510  800K  800  90  254  800K  100K  3K  15K  192K  120  45K  260K  600  210K  1100  19  200K
--------------------------------------------------+--------------------------------------------------------------------------------
Descriptive interpretation of input data cards.   |  Input data card images are shown below, all 80 columns, character by character
                                                  0         1         2         3         4         5         6         7         8
                                                  012345678901234567890123456789012345678901234567890123456789012345678901234567890
--------------------------------------------------+--------------------------------------------------------------------------------
Comment card.   KOMPAR > 0.                       |C data:LTTCC_V1.atp
Marker card preceding new EMTP data case.         |BEGIN NEW DATA CASE
Comment card.   KOMPAR > 0.                       |C $DUMMY, XYZ000
Misc. data.     1.000E-08   6.000E-05   0.000E+00 |   1.E-8   6.E-5
Misc. data.    500    1  1  1  1  0  0  1  0  0   |     500       1       1       1       1       0       0       1       0
 0.000E+00 2.119E+02 2.550E+08 2.119E+02 3.451E-08|-1PR    SEG3                    211.862.55E8   8.8 1 0                         0
 0.000E+00 2.266E+02 2.550E+08 2.266E+02 1.804E-08|-1SEG3  SEG2                    226.582.55E8   4.6 1 0                         0
 0.000E+00 2.412E+02 2.550E+08 2.412E+02 2.353E-08|-1SEG2  SEG1                     241.22.55E8    6. 1 0                         0
 0.000E+00 1.948E+02 2.550E+08 1.948E+02 8.039E-08|-1SEG1  BASE                    194.842.55E8  20.5 1 0                         0
Series R-L-C.   2.157E+01  0.000E+00  0.000E+00   |  BASE                    21.568                                               0
 0.000E+00 2.119E+02 2.550E+08 2.119E+02 3.451E-08|-1XX0034XX0001                  211.862.55E8   8.8 1 0                         0
 0.000E+00 2.266E+02 2.550E+08 2.266E+02 1.804E-08|-1XX0001XX0002                  226.582.55E8   4.6 1 0                         0
 0.000E+00 2.412E+02 2.550E+08 2.412E+02 2.353E-08|-1XX0002XX0003                   241.22.55E8    6. 1 0                         0
 0.000E+00 1.948E+02 2.550E+08 1.948E+02 8.039E-08|-1XX0003XX0004                  194.842.55E8  20.5 1 0                         0
 0.000E+00 2.119E+02 2.550E+08 2.119E+02 3.451E-08|-1XX0035XX0005                  211.862.55E8   8.8 1 0                         0
 0.000E+00 2.266E+02 2.550E+08 2.266E+02 1.804E-08|-1XX0005XX0006                  226.582.55E8   4.6 1 0                         0
 0.000E+00 2.412E+02 2.550E+08 2.412E+02 2.353E-08|-1XX0006XX0007                   241.22.55E8    6. 1 0                         0
 0.000E+00 1.948E+02 2.550E+08 1.948E+02 8.039E-08|-1XX0007XX0008                  194.842.55E8  20.5 1 0                         0
Series R-L-C.   2.157E+01  0.000E+00  0.000E+00   |  XX0004                  21.568                                               0
Series R-L-C.   2.157E+01  0.000E+00  0.000E+00   |  XX0008                  21.568                                               0
 0.000E+00 2.119E+02 2.550E+08 2.119E+02 3.451E-08|-1XX0038XX0009                  211.862.55E8   8.8 1 0                         0
 0.000E+00 2.266E+02 2.550E+08 2.266E+02 1.804E-08|-1XX0009XX0010                  226.582.55E8   4.6 1 0                         0
 0.000E+00 2.412E+02 2.550E+08 2.412E+02 2.353E-08|-1XX0010XX0011                   241.22.55E8    6. 1 0                         0
 0.000E+00 1.948E+02 2.550E+08 1.948E+02 8.039E-08|-1XX0011XX0012                  194.842.55E8  20.5 1 0                         0
Series R-L-C.   2.157E+01  0.000E+00  0.000E+00   |  XX0012                  21.568                                               0
 0.000E+00 2.119E+02 2.550E+08 2.119E+02 3.451E-08|-1XX0040XX0013                  211.862.55E8   8.8 1 0                         0
 0.000E+00 2.266E+02 2.550E+08 2.266E+02 1.804E-08|-1XX0013XX0014                  226.582.55E8   4.6 1 0                         0
 0.000E+00 2.412E+02 2.550E+08 2.412E+02 2.353E-08|-1XX0014XX0015                   241.22.55E8    6. 1 0                         0
 0.000E+00 1.948E+02 2.550E+08 1.948E+02 8.039E-08|-1XX0015XX0016                  194.842.55E8  20.5 1 0                         0
Series R-L-C.   2.157E+01  0.000E+00  0.000E+00   |  XX0016                  21.568                                               0
 0.000E+00 2.119E+02 2.550E+08 2.119E+02 3.451E-08|-1XX0042XX0020                  211.862.55E8   8.8 1 0                         0
 0.000E+00 2.266E+02 2.550E+08 2.266E+02 1.804E-08|-1XX0020XX0021                  226.582.55E8   4.6 1 0                         0
 0.000E+00 2.412E+02 2.550E+08 2.412E+02 2.353E-08|-1XX0021XX0022                   241.22.55E8    6. 1 0                         0
 0.000E+00 1.948E+02 2.550E+08 1.948E+02 8.039E-08|-1XX0022XX0023                  194.842.55E8  20.5 1 0                         0
Series R-L-C.   2.157E+01  0.000E+00  0.000E+00   |  XX0023                  21.568                                               0
 0.000E+00 2.119E+02 2.550E+08 2.119E+02 3.451E-08|-1XX0044XX0027                  211.862.55E8   8.8 1 0                         0
 0.000E+00 2.266E+02 2.550E+08 2.266E+02 1.804E-08|-1XX0027XX0028                  226.582.55E8   4.6 1 0                         0
 0.000E+00 2.412E+02 2.550E+08 2.412E+02 2.353E-08|-1XX0028XX0029                   241.22.55E8    6. 1 0                         0
 0.000E+00 1.948E+02 3.000E+08 1.948E+02 6.833E-08|-1XX0029XX0030                  194.84  3.E8  20.5 1 0                         0
Series R-L-C.   2.157E+01  0.000E+00  0.000E+00   |  XX0030                  21.568                                               0
Dynamic $INCLUDE uses fixed RAM cache to delay.   |$INSERT, C:\SimulacaoATP\LT_230kV1.pch
J. Marti line, mode  1   parameters begin.        |-1X0037AX0032A                2.  0.00              -2 5
J. Marti line, mode  2   parameters begin.        |-2X0037BX0032B                2.  0.00              -2 5
J. Marti line, mode  3   parameters begin.        |-3X0037CX0032C                2.  0.00              -2 5
J. Marti line, mode  4   parameters begin.        |-4XX0038XX0034                2.  0.00              -2 5
J. Marti line, mode  5   parameters begin.        |-5XX0038XX0034                2.  0.00              -2 5
TR(1,1 )...  0.614-0.687-0.326-0.457-0.217        |  0.61435340 -0.68665664 -0.32603966 -0.45680884 -0.21686806
TI(1,1 )...  0.000 0.009 0.001 0.028-0.063        |  0.00000000  0.00938192  0.00083756  0.02848714 -0.06284215
TR(2,1 )...  0.393-0.010 0.864 0.043-0.154        |  0.39282842 -0.01016401  0.86389967  0.04269380 -0.15422224
TI(2,1 )... -0.003 0.007 0.003 0.015 0.013        | -0.00269973  0.00677960  0.00251158  0.01474160  0.01306074
TR(3,1 )...  0.615 0.661-0.361 0.143-0.508        |  0.61453252  0.66076584 -0.36134495  0.14328406 -0.50809587
TI(3,1 )...  0.000 0.009 0.002 0.002 0.049        | -0.00001577  0.00940228  0.00236969  0.00221997  0.04913588
TR(4,1 )...  0.217-0.187-0.124 0.765 0.348        |  0.21654793 -0.18745310 -0.12374719  0.76540422  0.34775518
TI(4,1 )... -0.010 0.020-0.004 0.018 0.036        | -0.00959282  0.01998182 -0.00382423  0.01752822  0.03595939
TR(5,1 )...  0.209 0.231-0.038-0.421 0.736        |  0.20862499  0.23128420 -0.03820394 -0.42112254  0.73623729
TI(5,1 )... -0.009-0.050-0.002-0.067-0.015        | -0.00942419 -0.05035026 -0.00227419 -0.06666177 -0.01470313
Dynamic $INCLUDE uses fixed RAM cache to delay.   |$INSERT, C:\SimulacaoATP\LT_230kV2.pch
J. Marti line, mode  1   parameters begin.        |-1X0032AX0033A                2.  0.00              -2 5
J. Marti line, mode  2   parameters begin.        |-2X0032BX0033B                2.  0.00              -2 5
J. Marti line, mode  3   parameters begin.        |-3X0032CX0033C                2.  0.00              -2 5
J. Marti line, mode  4   parameters begin.        |-4XX0034PR                    2.  0.00              -2 5
J. Marti line, mode  5   parameters begin.        |-5XX0034PR                    2.  0.00              -2 5
TR(1,1 )...  0.614-0.687-0.326-0.457-0.217        |  0.61435340 -0.68665664 -0.32603966 -0.45680884 -0.21686806
TI(1,1 )...  0.000 0.009 0.001 0.028-0.063        |  0.00000000  0.00938192  0.00083756  0.02848714 -0.06284215
TR(2,1 )...  0.393-0.010 0.864 0.043-0.154        |  0.39282842 -0.01016401  0.86389967  0.04269380 -0.15422224
TI(2,1 )... -0.003 0.007 0.003 0.015 0.013        | -0.00269973  0.00677960  0.00251158  0.01474160  0.01306074
TR(3,1 )...  0.615 0.661-0.361 0.143-0.508        |  0.61453252  0.66076584 -0.36134495  0.14328406 -0.50809587
TI(3,1 )...  0.000 0.009 0.002 0.002 0.049        | -0.00001577  0.00940228  0.00236969  0.00221997  0.04913588
TR(4,1 )...  0.217-0.187-0.124 0.765 0.348        |  0.21654793 -0.18745310 -0.12374719  0.76540422  0.34775518
TI(4,1 )... -0.010 0.020-0.004 0.018 0.036        | -0.00959282  0.01998182 -0.00382423  0.01752822  0.03595939
TR(5,1 )...  0.209 0.231-0.038-0.421 0.736        |  0.20862499  0.23128420 -0.03820394 -0.42112254  0.73623729
TI(5,1 )... -0.009-0.050-0.002-0.067-0.015        | -0.00942419 -0.05035026 -0.00227419 -0.06666177 -0.01470313
Dynamic $INCLUDE uses fixed RAM cache to delay.   |$INSERT, C:\SimulacaoATP\LT_230kV3.pch
J. Marti line, mode  1   parameters begin.        |-1X0033AX0031A                2.  0.00              -2 5
J. Marti line, mode  2   parameters begin.        |-2X0033BX0031B                2.  0.00              -2 5
J. Marti line, mode  3   parameters begin.        |-3X0033CX0031C                2.  0.00              -2 5
J. Marti line, mode  4   parameters begin.        |-4PR    XX0035                2.  0.00              -2 5
J. Marti line, mode  5   parameters begin.        |-5PR    XX0035                2.  0.00              -2 5
TR(1,1 )...  0.614-0.687-0.326-0.457-0.217        |  0.61435340 -0.68665664 -0.32603966 -0.45680884 -0.21686806
TI(1,1 )...  0.000 0.009 0.001 0.028-0.063        |  0.00000000  0.00938192  0.00083756  0.02848714 -0.06284215
TR(2,1 )...  0.393-0.010 0.864 0.043-0.154        |  0.39282842 -0.01016401  0.86389967  0.04269380 -0.15422224
TI(2,1 )... -0.003 0.007 0.003 0.015 0.013        | -0.00269973  0.00677960  0.00251158  0.01474160  0.01306074
TR(3,1 )...  0.615 0.661-0.361 0.143-0.508        |  0.61453252  0.66076584 -0.36134495  0.14328406 -0.50809587
TI(3,1 )...  0.000 0.009 0.002 0.002 0.049        | -0.00001577  0.00940228  0.00236969  0.00221997  0.04913588
TR(4,1 )...  0.217-0.187-0.124 0.765 0.348        |  0.21654793 -0.18745310 -0.12374719  0.76540422  0.34775518
TI(4,1 )... -0.010 0.020-0.004 0.018 0.036        | -0.00959282  0.01998182 -0.00382423  0.01752822  0.03595939
TR(5,1 )...  0.209 0.231-0.038-0.421 0.736        |  0.20862499  0.23128420 -0.03820394 -0.42112254  0.73623729
TI(5,1 )... -0.009-0.050-0.002-0.067-0.015        | -0.00942419 -0.05035026 -0.00227419 -0.06666177 -0.01470313
Dynamic $INCLUDE uses fixed RAM cache to delay.   |$INSERT, C:\SimulacaoATP\LT_230kV4.pch
J. Marti line, mode  1   parameters begin.        |-1X0031AX0039A                2.  0.00              -2 5
J. Marti line, mode  2   parameters begin.        |-2X0031BX0039B                2.  0.00              -2 5
J. Marti line, mode  3   parameters begin.        |-3X0031CX0039C                2.  0.00              -2 5
J. Marti line, mode  4   parameters begin.        |-4XX0035XX0040                2.  0.00              -2 5
J. Marti line, mode  5   parameters begin.        |-5XX0035XX0040                2.  0.00              -2 5
TR(1,1 )...  0.614-0.687-0.326-0.457-0.217        |  0.61435340 -0.68665664 -0.32603966 -0.45680884 -0.21686806
TI(1,1 )...  0.000 0.009 0.001 0.028-0.063        |  0.00000000  0.00938192  0.00083756  0.02848714 -0.06284215
TR(2,1 )...  0.393-0.010 0.864 0.043-0.154        |  0.39282842 -0.01016401  0.86389967  0.04269380 -0.15422224
TI(2,1 )... -0.003 0.007 0.003 0.015 0.013        | -0.00269973  0.00677960  0.00251158  0.01474160  0.01306074
TR(3,1 )...  0.615 0.661-0.361 0.143-0.508        |  0.61453252  0.66076584 -0.36134495  0.14328406 -0.50809587
TI(3,1 )...  0.000 0.009 0.002 0.002 0.049        | -0.00001577  0.00940228  0.00236969  0.00221997  0.04913588
TR(4,1 )...  0.217-0.187-0.124 0.765 0.348        |  0.21654793 -0.18745310 -0.12374719  0.76540422  0.34775518
TI(4,1 )... -0.010 0.020-0.004 0.018 0.036        | -0.00959282  0.01998182 -0.00382423  0.01752822  0.03595939
TR(5,1 )...  0.209 0.231-0.038-0.421 0.736        |  0.20862499  0.23128420 -0.03820394 -0.42112254  0.73623729
TI(5,1 )... -0.009-0.050-0.002-0.067-0.015        | -0.00942419 -0.05035026 -0.00227419 -0.06666177 -0.01470313
Dynamic $INCLUDE uses fixed RAM cache to delay.   |$INSERT, C:\SimulacaoATP\LT_230kV5.pch
J. Marti line, mode  1   parameters begin.        |-1X0041AX0037A                2.  0.00              -2 5
J. Marti line, mode  2   parameters begin.        |-2X0041BX0037B                2.  0.00              -2 5
J. Marti line, mode  3   parameters begin.        |-3X0041CX0037C                2.  0.00              -2 5
J. Marti line, mode  4   parameters begin.        |-4XX0042XX0038                2.  0.00              -2 5
J. Marti line, mode  5   parameters begin.        |-5XX0042XX0038                2.  0.00              -2 5
TR(1,1 )...  0.614-0.687-0.326-0.457-0.217        |  0.61435340 -0.68665664 -0.32603966 -0.45680884 -0.21686806
TI(1,1 )...  0.000 0.009 0.001 0.028-0.063        |  0.00000000  0.00938192  0.00083756  0.02848714 -0.06284215
TR(2,1 )...  0.393-0.010 0.864 0.043-0.154        |  0.39282842 -0.01016401  0.86389967  0.04269380 -0.15422224
TI(2,1 )... -0.003 0.007 0.003 0.015 0.013        | -0.00269973  0.00677960  0.00251158  0.01474160  0.01306074
TR(3,1 )...  0.615 0.661-0.361 0.143-0.508        |  0.61453252  0.66076584 -0.36134495  0.14328406 -0.50809587
TI(3,1 )...  0.000 0.009 0.002 0.002 0.049        | -0.00001577  0.00940228  0.00236969  0.00221997  0.04913588
TR(4,1 )...  0.217-0.187-0.124 0.765 0.348        |  0.21654793 -0.18745310 -0.12374719  0.76540422  0.34775518
TI(4,1 )... -0.010 0.020-0.004 0.018 0.036        | -0.00959282  0.01998182 -0.00382423  0.01752822  0.03595939
TR(5,1 )...  0.209 0.231-0.038-0.421 0.736        |  0.20862499  0.23128420 -0.03820394 -0.42112254  0.73623729
TI(5,1 )... -0.009-0.050-0.002-0.067-0.015        | -0.00942419 -0.05035026 -0.00227419 -0.06666177 -0.01470313
Dynamic $INCLUDE uses fixed RAM cache to delay.   |$INSERT, C:\SimulacaoATP\LT_230kV6.pch
J. Marti line, mode  1   parameters begin.        |-1X0039AX0043A                2.  0.00              -2 5
J. Marti line, mode  2   parameters begin.        |-2X0039BX0043B                2.  0.00              -2 5
J. Marti line, mode  3   parameters begin.        |-3X0039CX0043C                2.  0.00              -2 5
J. Marti line, mode  4   parameters begin.        |-4XX0040XX0044                2.  0.00              -2 5
J. Marti line, mode  5   parameters begin.        |-5XX0040XX0044                2.  0.00              -2 5
TR(1,1 )...  0.614-0.687-0.326-0.457-0.217        |  0.61435340 -0.68665664 -0.32603966 -0.45680884 -0.21686806
TI(1,1 )...  0.000 0.009 0.001 0.028-0.063        |  0.00000000  0.00938192  0.00083756  0.02848714 -0.06284215
TR(2,1 )...  0.393-0.010 0.864 0.043-0.154        |  0.39282842 -0.01016401  0.86389967  0.04269380 -0.15422224
TI(2,1 )... -0.003 0.007 0.003 0.015 0.013        | -0.00269973  0.00677960  0.00251158  0.01474160  0.01306074
TR(3,1 )...  0.615 0.661-0.361 0.143-0.508        |  0.61453252  0.66076584 -0.36134495  0.14328406 -0.50809587
TI(3,1 )...  0.000 0.009 0.002 0.002 0.049        | -0.00001577  0.00940228  0.00236969  0.00221997  0.04913588
TR(4,1 )...  0.217-0.187-0.124 0.765 0.348        |  0.21654793 -0.18745310 -0.12374719  0.76540422  0.34775518
TI(4,1 )... -0.010 0.020-0.004 0.018 0.036        | -0.00959282  0.01998182 -0.00382423  0.01752822  0.03595939
TR(5,1 )...  0.209 0.231-0.038-0.421 0.736        |  0.20862499  0.23128420 -0.03820394 -0.42112254  0.73623729
TI(5,1 )... -0.009-0.050-0.002-0.067-0.015        | -0.00942419 -0.05035026 -0.00227419 -0.06666177 -0.01470313
Dynamic $INCLUDE uses fixed RAM cache to delay.   |$INSERT, C:\SimulacaoATP\LT_230kV7.pch
J. Marti line, mode  1   parameters begin.        |-1X0017AX0041A                2.  0.00              -2 5
J. Marti line, mode  2   parameters begin.        |-2X0017BX0041B                2.  0.00              -2 5
J. Marti line, mode  3   parameters begin.        |-3X0017CX0041C                2.  0.00              -2 5
J. Marti line, mode  4   parameters begin.        |-4XX0018XX0042                2.  0.00              -2 5
J. Marti line, mode  5   parameters begin.        |-5XX0019XX0042                2.  0.00              -2 5
TR(1,1 )...  0.614-0.687-0.326-0.457-0.217        |  0.61435340 -0.68665664 -0.32603966 -0.45680884 -0.21686806
TI(1,1 )...  0.000 0.009 0.001 0.028-0.063        |  0.00000000  0.00938192  0.00083756  0.02848714 -0.06284215
TR(2,1 )...  0.393-0.010 0.864 0.043-0.154        |  0.39282842 -0.01016401  0.86389967  0.04269380 -0.15422224
TI(2,1 )... -0.003 0.007 0.003 0.015 0.013        | -0.00269973  0.00677960  0.00251158  0.01474160  0.01306074
TR(3,1 )...  0.615 0.661-0.361 0.143-0.508        |  0.61453252  0.66076584 -0.36134495  0.14328406 -0.50809587
TI(3,1 )...  0.000 0.009 0.002 0.002 0.049        | -0.00001577  0.00940228  0.00236969  0.00221997  0.04913588
TR(4,1 )...  0.217-0.187-0.124 0.765 0.348        |  0.21654793 -0.18745310 -0.12374719  0.76540422  0.34775518
TI(4,1 )... -0.010 0.020-0.004 0.018 0.036        | -0.00959282  0.01998182 -0.00382423  0.01752822  0.03595939
TR(5,1 )...  0.209 0.231-0.038-0.421 0.736        |  0.20862499  0.23128420 -0.03820394 -0.42112254  0.73623729
TI(5,1 )... -0.009-0.050-0.002-0.067-0.015        | -0.00942419 -0.05035026 -0.00227419 -0.06666177 -0.01470313
Dynamic $INCLUDE uses fixed RAM cache to delay.   |$INSERT, C:\SimulacaoATP\LT_230kV8.pch
J. Marti line, mode  1   parameters begin.        |-1X0043AX0024A                2.  0.00              -2 5
J. Marti line, mode  2   parameters begin.        |-2X0043BX0024B                2.  0.00              -2 5
J. Marti line, mode  3   parameters begin.        |-3X0043CX0024C                2.  0.00              -2 5
J. Marti line, mode  4   parameters begin.        |-4XX0044XX0025                2.  0.00              -2 5
J. Marti line, mode  5   parameters begin.        |-5XX0044XX0026                2.  0.00              -2 5
TR(1,1 )...  0.614-0.687-0.326-0.457-0.217        |  0.61435340 -0.68665664 -0.32603966 -0.45680884 -0.21686806
TI(1,1 )...  0.000 0.009 0.001 0.028-0.063        |  0.00000000  0.00938192  0.00083756  0.02848714 -0.06284215
TR(2,1 )...  0.393-0.010 0.864 0.043-0.154        |  0.39282842 -0.01016401  0.86389967  0.04269380 -0.15422224
TI(2,1 )... -0.003 0.007 0.003 0.015 0.013        | -0.00269973  0.00677960  0.00251158  0.01474160  0.01306074
TR(3,1 )...  0.615 0.661-0.361 0.143-0.508        |  0.61453252  0.66076584 -0.36134495  0.14328406 -0.50809587
TI(3,1 )...  0.000 0.009 0.002 0.002 0.049        | -0.00001577  0.00940228  0.00236969  0.00221997  0.04913588
TR(4,1 )...  0.217-0.187-0.124 0.765 0.348        |  0.21654793 -0.18745310 -0.12374719  0.76540422  0.34775518
TI(4,1 )... -0.010 0.020-0.004 0.018 0.036        | -0.00959282  0.01998182 -0.00382423  0.01752822  0.03595939
TR(5,1 )...  0.209 0.231-0.038-0.421 0.736        |  0.20862499  0.23128420 -0.03820394 -0.42112254  0.73623729
TI(5,1 )... -0.009-0.050-0.002-0.067-0.015        | -0.00942419 -0.05035026 -0.00227419 -0.06666177 -0.01470313
Blank card ending branches.  IBR, NTOT = 75  67   |BLANK BRANCH
Permanently-closed switch used for metering.      |  XX0036PR                                            MEASURING                1
Blank card ending switches.   KSWTCH = 1.         |BLANK SWITCH
Source.   6.40E+03  1.08E-05  7.60E-05  0.00E+00  |15XX0036-1     6400.   1.08E-5    7.6E-5        2.                          1.E3
Source.   4.70E+03  5.60E-06  1.00E-05  0.00E+00  |15XX0036-1     4699.    5.6E-6     1.E-5        3.                          1.E3
Source.   4.90E+03  8.40E-06  3.00E-05  0.00E+00  |15XX0036-1     4898.    8.4E-6     3.E-5        5.                          1.E3
Source.   7.82E+03  8.60E-06  2.60E-05  0.00E+00  |15XX0036-1     7822.    8.6E-6    2.6E-5        9.                          1.E3
Source.   1.63E+04  8.20E-06  2.33E-05  0.00E+00  |15XX0036-1    16330.    8.2E-6   2.33E-5       30.                          1.E3
Source.   1.61E+04  1.12E-04  2.00E-04  0.00E+00  |15XX0036-1    16120.  .0001122     .0002        2.                          1.E3
Source.   1.16E+04  1.50E-05  2.60E-05  0.00E+00  |15XX0036-1    11630.    1.5E-5    2.6E-5       14.                          1.E3
Blank card ends electric sources.  KCONST = 7     |BLANK SOURCE

List of input elements that are connected to each node.   Only the physical connections of multi-phase lines are shown (capacitive
and inductive coupling are ignored).   Repeated entries indicate parallel connections.   Switches are included,  although sources
(including rotating machinery) are omitted -- except that U.M. usage produces extra,  internally-defined nodes  "UMXXXX".
--------------+------------------------------
From bus name |  Names of all adjacent busses.
--------------+------------------------------
       PR     |SEG3  *XX0034*XX0034*XX0035*XX0035*XX0036*
       SEG3   |PR    *SEG2  *
       SEG2   |SEG3  *SEG1  *
       SEG1   |SEG2  *BASE  *
       BASE   |TERRA *SEG1  *
       XX0034 |PR    *PR    *XX0001*XX0038*XX0038*
       XX0001 |XX0034*XX0002*
       XX0002 |XX0001*XX0003*
       XX0003 |XX0002*XX0004*
       XX0004 |TERRA *XX0003*
       XX0035 |PR    *PR    *XX0005*XX0040*XX0040*
       XX0005 |XX0035*XX0006*
       XX0006 |XX0005*XX0007*
       XX0007 |XX0006*XX0008*
       XX0008 |TERRA *XX0007*
       XX0038 |XX0034*XX0034*XX0009*XX0042*XX0042*
       XX0009 |XX0038*XX0010*
       XX0010 |XX0009*XX0011*
       XX0011 |XX0010*XX0012*
       XX0012 |TERRA *XX0011*
       XX0040 |XX0035*XX0035*XX0013*XX0044*XX0044*
       XX0013 |XX0040*XX0014*
       XX0014 |XX0013*XX0015*
       XX0015 |XX0014*XX0016*
       XX0016 |TERRA *XX0015*
       XX0042 |XX0038*XX0038*XX0020*XX0018*XX0019*
       XX0020 |XX0042*XX0021*
       XX0021 |XX0020*XX0022*
       XX0022 |XX0021*XX0023*
       XX0023 |TERRA *XX0022*
       XX0044 |XX0040*XX0040*XX0027*XX0025*XX0026*
       XX0027 |XX0044*XX0028*
       XX0028 |XX0027*XX0029*
       XX0029 |XX0028*XX0030*
       XX0030 |TERRA *XX0029*
       X0037A |X0032A*X0041A*
       X0032A |X0037A*X0033A*
       X0037B |X0032B*X0041B*
       X0032B |X0037B*X0033B*
       X0037C |X0032C*X0041C*
       X0032C |X0037C*X0033C*
       X0033A |X0032A*X0031A*
       X0033B |X0032B*X0031B*
       X0033C |X0032C*X0031C*
       X0031A |X0033A*X0039A*
       X0031B |X0033B*X0039B*
       X0031C |X0033C*X0039C*
       X0039A |X0031A*X0043A*
       X0039B |X0031B*X0043B*
       X0039C |X0031C*X0043C*
       X0041A |X0037A*X0017A*
       X0041B |X0037B*X0017B*
       X0041C |X0037C*X0017C*
       X0043A |X0039A*X0024A*
       X0043B |X0039B*X0024B*
       X0043C |X0039C*X0024C*
       X0017A |X0041A*
       X0017B |X0041B*
       X0017C |X0041C*
       XX0018 |XX0042*
       XX0019 |XX0042*
       X0024A |X0043A*
       X0024B |X0043B*
       X0024C |X0043C*
       XX0025 |XX0044*
       XX0026 |XX0044*
       XX0036 |PR    *
       TERRA  |BASE  *XX0004*XX0008*XX0012*XX0016*XX0023*XX0030*
       ------ |-------------------------------------------------

  +++  Node  "XX0036"  has no connected linear branches.  Add (to ground) the conductance  G = 1.00000000E-08  mhos.

Card of names for time-step loop output.          |  PR    SEG3  SEG2  SEG1  BASE
Output voltage differences for pairs of A6 names  |-5X0033ASEG2  X0033BSEG2  X0033CSEG2  X0033ASEG3  X0033BSEG3  X0033CSEG3
Output voltage differences for pairs of A6 names  |-5X0033APR    X0033BPR    X0033CPR
Blank card ending requests for output variables.  |BLANK OUTPUT

Column headings for the  15   EMTP output variables follow.  These are divided among the 5 possible classes as follows ....
  First  14     output variables are electric-network voltage differences (upper voltage minus lower voltage);
  Next   1     output variables are branch currents (flowing from the upper node to the lower node);
   Step      Time      PR         SEG3       SEG2       SEG1       BASE       X0033A     X0033B     X0033C     X0033A     X0033B
                                                                              SEG2       SEG2       SEG2       SEG3       SEG3

                       X0033C     X0033A     X0033B     X0033C     XX0036
                       SEG3       PR         PR         PR         PR
 ***                    Switch  "XX0036"  to  "PR    "  closed before  0.00000000E+00  sec.
      0       0.0         0.0        0.0        0.0        0.0        0.0        0.0        0.0        0.0        0.0        0.0
                          0.0        0.0        0.0        0.0        0.0
    500     .5E-5  361561.891 339396.068 327021.782 309855.626 262568.999 -189818.39 -171724.52 -191454.11 -202192.67  -184098.8
                    -203828.4  -224358.5 -206264.63 -225994.22 15100.7708
   1000     .1E-4  573007.213 590253.047 599659.743 612524.048 647036.069 -324421.33 -303378.25 -327326.15 -315014.64 -293971.56
                   -317919.46  -297768.8 -276725.72 -300673.62 39514.7534
   1500    .15E-4  464396.748 489544.303 503785.475 523716.958 579571.025 -248163.71 -235317.47   -250753. -233922.53  -221076.3
                   -236511.83 -208774.98 -195928.75 -211364.28 44566.1043
   2000     .2E-4  358114.665 365801.446 370069.933 375974.892 392186.704  -193126.9 -180380.78 -195192.49 -188858.41  -176112.3
                     -190924. -181171.63 -168425.52 -183237.22 38727.8579
   2500    .25E-4  245811.873 250818.903 253609.257 257478.419 268152.007 -113193.92 -106873.86 -114779.75 -110403.57 -104083.51
                    -111989.4 -105396.53 -99076.479 -106982.37  33972.807
   3000     .3E-4  165553.086 170525.715 173336.434 177264.537 188226.914 -79474.452 -75004.688 -80761.903 -76663.733 -72193.969
                   -77951.185 -71691.104  -67221.34 -72978.555 30424.6552
   3500    .35E-4  126662.637 129227.095 130657.405 132640.442 138096.373 -56253.558 -53107.111 -57464.607 -54823.247 -51676.801
                   -56034.297  -52258.79 -49112.343 -53469.839 27794.0056
   4000     .4E-4   98905.294 100631.361 101601.897 102954.242 106710.908 -40568.859 -38469.858 -41754.386 -39598.322 -37499.322
                   -40783.849 -37872.255 -35773.255 -39057.782 25848.5946
   4500    .45E-4  85165.0976 85991.5877 86453.1774 87093.6811 88858.7718 -39450.706 -36875.214  -40620.15 -38989.116 -36413.624
                   -40158.561 -38162.626 -35587.134 -39332.071 24409.2432
   5000     .5E-4  74741.0813 75437.3128 75827.0212 76368.5049 77864.5016 -33397.047 -31274.231 -34601.673 -33007.339 -30884.523
                   -34211.964 -32311.108 -30188.291 -33515.733 23339.3327
   5500    .55E-4   69816.907 70146.2069 70330.8726 70587.7973 71299.9086 -32763.741 -30494.268 -33985.365 -32579.076 -30309.602
                     -33800.7 -32249.776 -29980.302   -33471.4 22535.7093
  % % % % % %   Final time step,  PLTFIL  dumps plot data to ".PL4" disk file.
  Done dumping plot points to C-like disk file.
   6000     .6E-4  67320.7012 67444.1252 67512.6472 67607.3929 67866.9075 -34155.217 -31582.279 -35412.958 -34086.695 -31513.757
                   -35344.436 -33963.271 -31390.333 -35221.012 21921.2321

Extrema of output variables follow.   Order and column positioning are the same as for the preceding time-step loop output.
Variable maxima :  .1081815E7 973464.969 912576.533 829783.429  707054.47 78.3781106 108.498351 76.7147806 31.9178766 45.9327386
                   31.0739651        0.0        0.0        0.0 45318.0398
Times of maxima :     .729E-5    .732E-5    .734E-5    .739E-5    .822E-5      .7E-7      .8E-7      .7E-7      .5E-7      .5E-7
                        .5E-7        0.0        0.0        0.0   .1372E-4
Variable minima :         0.0        0.0        0.0        0.0        0.0 -545737.91 -486335.56 -550541.64 -606721.04 -546805.11
                   -611530.71 -715874.31 -655785.83 -720676.84        0.0
Times of minima :         0.0        0.0        0.0        0.0        0.0    .734E-5    .736E-5    .734E-5    .731E-5    .731E-5
                      .731E-5    .728E-5    .728E-5    .728E-5        0.0

Blank card terminating all plot cards.            |BLANK PLOT

Actual List Sizes for the preceding solution follow.       11-Nov-18  11.00.00
   Size  1-10:    68    75     7     7   381     1    79 73976     0     0
   Size 11-20:     0    15 -9999 -9999 -9999     0     0     0    23  6542
   Size 21-30:   201   600    63     0 -9999    25 -9999 -9999 -9999     0
Seconds for overlays  1-5  :     0.000     0.000     0.000  -- (CP: Wait; Real)
Seconds for overlays  6-11 :     0.000     0.000     0.000
Seconds for overlays 12-15 :     0.000     0.000     0.000
Seconds for time-step loop :     0.000     0.000     0.000
Seconds after DELTAT-loop  :     0.000     0.000     0.000
                               ---------------------------
                   Totals  :     0.000     0.000     0.000

